
> react-kavia@0.1.0 start
> cross-env EDIT_MODE=true webpack serve --config .ve/webpack.config.js --mode development

<i> [webpack-dev-server] Project is running at:
<i> [webpack-dev-server] Loopback: http://localhost:3000/, http://[::1]:3000/
<i> [webpack-dev-server] On Your Network (IPv4): http://172.17.0.2:3000/
<i> [webpack-dev-server] Content not from webpack is served from './public' directory
Injecting EditorRootWrapper import: ../.ve/EditorRootWrapper
asset bundle.js 1.93 MiB [emitted] (name: main)
asset index.html 1.98 KiB [emitted]
runtime modules 28.7 KiB 15 modules
orphan modules 681 bytes [orphan] 1 module
modules by path ./node_modules/ 1.64 MiB 83 modules
modules by path ./src/ 38 KiB
  modules by path ./src/pages/*.js 18.6 KiB 6 modules
  modules by path ./src/*.js 12 KiB 4 modules
  modules by path ./src/*.css 7.49 KiB
    ./src/index.css 2.23 KiB [built] [code generated]
    + 3 modules
modules by path ./.ve/ 15.1 KiB
  modules by path ./.ve/*.js 10.6 KiB 2 modules
  modules by path ./.ve/*.css 2.93 KiB 2 modules
  ./.ve/EditorOverlay.jsx 1.58 KiB [built] [code generated]
webpack 5.99.9 compiled successfully in 1579 ms
